-- Found ament_cmake: 1.3.14 (/opt/ros/humble/share/ament_cmake/cmake)
-- Override CMake install command with custom implementation using symlinks instead of copying resources
-- Configuring done
-- Generating done
-- Build files have been written to: /home/hzx/three_steer_simulation/build/three_steer_simulation
-- Install configuration: ""
-- Execute custom install script
-- Up-to-date symlink: /home/hzx/three_steer_simulation/install/three_steer_simulation/share/three_steer_simulation//urdf/three_steer.urdf.xacro
-- Up-to-date symlink: /home/hzx/three_steer_simulation/install/three_steer_simulation/share/three_steer_simulation//launch/__pycache__/three_steer_gazebo.launch.cpython-310.pyc
-- Up-to-date symlink: /home/hzx/three_steer_simulation/install/three_steer_simulation/share/three_steer_simulation//launch/three_steer_gazebo.launch.py
-- Up-to-date symlink: /home/hzx/three_steer_simulation/install/three_steer_simulation/share/three_steer_simulation//config/controllers.yaml
-- Symlinking: /home/hzx/three_steer_simulation/install/three_steer_simulation/share/three_steer_simulation//worlds/three_steer.world
-- Up-to-date symlink: /home/hzx/three_steer_simulation/install/three_steer_simulation/share/three_steer_simulation//scripts/cmd_vel_to_three_steer.py
-- Up-to-date symlink: /home/hzx/three_steer_simulation/install/three_steer_simulation/share/three_steer_simulation//scripts/three_steer_kinematics.py
-- Up-to-date symlink: /home/hzx/three_steer_simulation/install/three_steer_simulation/lib/three_steer_simulation/cmd_vel_to_three_steer.py
-- Up-to-date symlink: /home/hzx/three_steer_simulation/install/three_steer_simulation/share/ament_index/resource_index/package_run_dependencies/three_steer_simulation
-- Up-to-date symlink: /home/hzx/three_steer_simulation/install/three_steer_simulation/share/ament_index/resource_index/parent_prefix_path/three_steer_simulation
-- Up-to-date symlink: /home/hzx/three_steer_simulation/install/three_steer_simulation/share/three_steer_simulation/environment/ament_prefix_path.sh
-- Up-to-date symlink: /home/hzx/three_steer_simulation/install/three_steer_simulation/share/three_steer_simulation/environment/ament_prefix_path.dsv
-- Up-to-date symlink: /home/hzx/three_steer_simulation/install/three_steer_simulation/share/three_steer_simulation/environment/path.sh
-- Up-to-date symlink: /home/hzx/three_steer_simulation/install/three_steer_simulation/share/three_steer_simulation/environment/path.dsv
-- Up-to-date symlink: /home/hzx/three_steer_simulation/install/three_steer_simulation/share/three_steer_simulation/local_setup.bash
-- Up-to-date symlink: /home/hzx/three_steer_simulation/install/three_steer_simulation/share/three_steer_simulation/local_setup.sh
-- Up-to-date symlink: /home/hzx/three_steer_simulation/install/three_steer_simulation/share/three_steer_simulation/local_setup.zsh
-- Up-to-date symlink: /home/hzx/three_steer_simulation/install/three_steer_simulation/share/three_steer_simulation/local_setup.dsv
-- Symlinking: /home/hzx/three_steer_simulation/install/three_steer_simulation/share/three_steer_simulation/package.dsv
-- Up-to-date symlink: /home/hzx/three_steer_simulation/install/three_steer_simulation/share/ament_index/resource_index/packages/three_steer_simulation
-- Up-to-date symlink: /home/hzx/three_steer_simulation/install/three_steer_simulation/share/three_steer_simulation/cmake/three_steer_simulationConfig.cmake
-- Up-to-date symlink: /home/hzx/three_steer_simulation/install/three_steer_simulation/share/three_steer_simulation/cmake/three_steer_simulationConfig-version.cmake
-- Up-to-date symlink: /home/hzx/three_steer_simulation/install/three_steer_simulation/share/three_steer_simulation/package.xml
