[0.008s] Invoking command in '/home/hzx/three_steer_simulation/build/three_steer_simulation': CMAKE_PREFIX_PATH=/opt/ros/humble /usr/bin/cmake --build /home/hzx/three_steer_simulation/build/three_steer_simulation -- -j16 -l16
[0.028s] -- Found ament_cmake: 1.3.14 (/opt/ros/humble/share/ament_cmake/cmake)
[0.113s] -- Override CMake install command with custom implementation using symlinks instead of copying resources
[0.184s] -- Configuring done
[0.186s] -- Generating done
[0.187s] -- Build files have been written to: /home/hzx/three_steer_simulation/build/three_steer_simulation
[0.206s] Invoked command in '/home/hzx/three_steer_simulation/build/three_steer_simulation' returned '0': CMAKE_PREFIX_PATH=/opt/ros/humble /usr/bin/cmake --build /home/hzx/three_steer_simulation/build/three_steer_simulation -- -j16 -l16
[0.214s] Invoking command in '/home/hzx/three_steer_simulation/build/three_steer_simulation': CMAKE_PREFIX_PATH=/opt/ros/humble /usr/bin/cmake --install /home/hzx/three_steer_simulation/build/three_steer_simulation
[0.221s] -- Install configuration: ""
[0.221s] -- Execute custom install script
[0.221s] -- Up-to-date symlink: /home/hzx/three_steer_simulation/install/three_steer_simulation/share/three_steer_simulation//urdf/three_steer.urdf.xacro
[0.221s] -- Up-to-date symlink: /home/hzx/three_steer_simulation/install/three_steer_simulation/share/three_steer_simulation//launch/__pycache__/three_steer_gazebo.launch.cpython-310.pyc
[0.222s] -- Up-to-date symlink: /home/hzx/three_steer_simulation/install/three_steer_simulation/share/three_steer_simulation//launch/three_steer_gazebo.launch.py
[0.222s] -- Up-to-date symlink: /home/hzx/three_steer_simulation/install/three_steer_simulation/share/three_steer_simulation//config/controllers.yaml
[0.222s] -- Symlinking: /home/hzx/three_steer_simulation/install/three_steer_simulation/share/three_steer_simulation//worlds/three_steer.world
[0.230s] -- Up-to-date symlink: /home/hzx/three_steer_simulation/install/three_steer_simulation/share/three_steer_simulation//scripts/cmd_vel_to_three_steer.py
[0.230s] -- Up-to-date symlink: /home/hzx/three_steer_simulation/install/three_steer_simulation/share/three_steer_simulation//scripts/three_steer_kinematics.py
[0.230s] -- Up-to-date symlink: /home/hzx/three_steer_simulation/install/three_steer_simulation/lib/three_steer_simulation/cmd_vel_to_three_steer.py
[0.230s] -- Up-to-date symlink: /home/hzx/three_steer_simulation/install/three_steer_simulation/share/ament_index/resource_index/package_run_dependencies/three_steer_simulation
[0.230s] -- Up-to-date symlink: /home/hzx/three_steer_simulation/install/three_steer_simulation/share/ament_index/resource_index/parent_prefix_path/three_steer_simulation
[0.230s] -- Up-to-date symlink: /home/hzx/three_steer_simulation/install/three_steer_simulation/share/three_steer_simulation/environment/ament_prefix_path.sh
[0.230s] -- Up-to-date symlink: /home/hzx/three_steer_simulation/install/three_steer_simulation/share/three_steer_simulation/environment/ament_prefix_path.dsv
[0.230s] -- Up-to-date symlink: /home/hzx/three_steer_simulation/install/three_steer_simulation/share/three_steer_simulation/environment/path.sh
[0.230s] -- Up-to-date symlink: /home/hzx/three_steer_simulation/install/three_steer_simulation/share/three_steer_simulation/environment/path.dsv
[0.230s] -- Up-to-date symlink: /home/hzx/three_steer_simulation/install/three_steer_simulation/share/three_steer_simulation/local_setup.bash
[0.231s] -- Up-to-date symlink: /home/hzx/three_steer_simulation/install/three_steer_simulation/share/three_steer_simulation/local_setup.sh
[0.231s] -- Up-to-date symlink: /home/hzx/three_steer_simulation/install/three_steer_simulation/share/three_steer_simulation/local_setup.zsh
[0.231s] -- Up-to-date symlink: /home/hzx/three_steer_simulation/install/three_steer_simulation/share/three_steer_simulation/local_setup.dsv
[0.231s] -- Symlinking: /home/hzx/three_steer_simulation/install/three_steer_simulation/share/three_steer_simulation/package.dsv
[0.239s] -- Up-to-date symlink: /home/hzx/three_steer_simulation/install/three_steer_simulation/share/ament_index/resource_index/packages/three_steer_simulation
[0.239s] -- Up-to-date symlink: /home/hzx/three_steer_simulation/install/three_steer_simulation/share/three_steer_simulation/cmake/three_steer_simulationConfig.cmake
[0.239s] -- Up-to-date symlink: /home/hzx/three_steer_simulation/install/three_steer_simulation/share/three_steer_simulation/cmake/three_steer_simulationConfig-version.cmake
[0.239s] -- Up-to-date symlink: /home/hzx/three_steer_simulation/install/three_steer_simulation/share/three_steer_simulation/package.xml
[0.241s] Invoked command in '/home/hzx/three_steer_simulation/build/three_steer_simulation' returned '0': CMAKE_PREFIX_PATH=/opt/ros/humble /usr/bin/cmake --install /home/hzx/three_steer_simulation/build/three_steer_simulation
