[0.007s] Invoking command in '/home/hzx/three_steer_simulation/build/three_steer_simulation': /usr/bin/cmake /home/hzx/three_steer_simulation -DCMAKE_INSTALL_PREFIX=/home/hzx/three_steer_simulation/install/three_steer_simulation
[0.094s] -- The C compiler identification is GNU 11.4.0
[0.164s] -- The CXX compiler identification is GNU 11.4.0
[0.170s] -- Detecting C compiler ABI info
[0.231s] -- Detecting C compiler ABI info - done
[0.235s] -- Check for working C compiler: /usr/bin/cc - skipped
[0.235s] -- Detecting C compile features
[0.236s] -- Detecting C compile features - done
[0.238s] -- Detecting CXX compiler ABI info
[0.298s] -- Detecting CXX compiler ABI info - done
[0.302s] -- Check for working CXX compiler: /usr/bin/c++ - skipped
[0.303s] -- Detecting CXX compile features
[0.303s] -- Detecting CXX compile features - done
[0.305s] -- Found ament_cmake: 1.3.14 (/opt/ros/humble/share/ament_cmake/cmake)
[0.409s] -- Found Python3: /usr/bin/python3 (found version "3.10.12") found components: Interpreter 
[0.523s] Error parsing '/home/hzx/three_steer_simulation/package.xml':
[0.547s] Traceback (most recent call last):
[0.547s]   File "/opt/ros/humble/share/ament_cmake_core/cmake/core/package_xml_2_cmake.py", line 150, in <module>
[0.547s]     main()
[0.547s]   File "/opt/ros/humble/share/ament_cmake_core/cmake/core/package_xml_2_cmake.py", line 53, in main
[0.547s]     raise e
[0.547s]   File "/opt/ros/humble/share/ament_cmake_core/cmake/core/package_xml_2_cmake.py", line 49, in main
[0.547s]     package = parse_package_string(
[0.547s]   File "/usr/lib/python3/dist-packages/catkin_pkg/package.py", line 788, in parse_package_string
[0.548s]     pkg.validate(warnings=warnings)
[0.548s]   File "/usr/lib/python3/dist-packages/catkin_pkg/package.py", line 330, in validate
[0.548s]     raise InvalidPackage('\n'.join(errors), self.filename)
[0.548s] catkin_pkg.package.InvalidPackage: Error(s) in package '/home/hzx/three_steer_simulation/package.xml':
[0.548s] Invalid email "user@todo" for person "user"
[0.565s] CMake Error at /opt/ros/humble/share/ament_cmake_core/cmake/core/ament_package_xml.cmake:95 (message):
[0.565s]   execute_process(/usr/bin/python3
[0.565s]   /opt/ros/humble/share/ament_cmake_core/cmake/core/package_xml_2_cmake.py
[0.565s]   /home/hzx/three_steer_simulation/package.xml
[0.565s]   /home/hzx/three_steer_simulation/build/three_steer_simulation/ament_cmake_core/package.cmake)
[0.565s]   returned error code 1
[0.565s] Call Stack (most recent call first):
[0.565s]   /opt/ros/humble/share/ament_cmake_core/cmake/core/ament_package_xml.cmake:49 (_ament_package_xml)
[0.565s]   /opt/ros/humble/share/ament_cmake_core/cmake/core/ament_package.cmake:63 (ament_package_xml)
[0.565s]   CMakeLists.txt:18 (ament_package)
[0.565s] 
[0.565s] 
[0.565s] -- Configuring incomplete, errors occurred!
[0.565s] See also "/home/hzx/three_steer_simulation/build/three_steer_simulation/CMakeFiles/CMakeOutput.log".
[0.569s] Invoked command in '/home/hzx/three_steer_simulation/build/three_steer_simulation' returned '1': /usr/bin/cmake /home/hzx/three_steer_simulation -DCMAKE_INSTALL_PREFIX=/home/hzx/three_steer_simulation/install/three_steer_simulation
