[0.007s] Invoking command in '/home/hzx/three_steer_simulation/build/three_steer_simulation': CMAKE_PREFIX_PATH=${CMAKE_PREFIX_PATH}:/opt/ros/humble /usr/bin/cmake --build /home/hzx/three_steer_simulation/build/three_steer_simulation -- -j16 -l16
[0.041s] Invoked command in '/home/hzx/three_steer_simulation/build/three_steer_simulation' returned '0': CMAKE_PREFIX_PATH=${CMAKE_PREFIX_PATH}:/opt/ros/humble /usr/bin/cmake --build /home/hzx/three_steer_simulation/build/three_steer_simulation -- -j16 -l16
[0.049s] Invoking command in '/home/hzx/three_steer_simulation/build/three_steer_simulation': CMAKE_PREFIX_PATH=${CMAKE_PREFIX_PATH}:/opt/ros/humble /usr/bin/cmake --install /home/hzx/three_steer_simulation/build/three_steer_simulation
[0.056s] -- Install configuration: ""
[0.056s] -- Execute custom install script
[0.057s] -- Up-to-date symlink: /home/hzx/three_steer_simulation/install/three_steer_simulation/share/three_steer_simulation//urdf/three_steer.urdf.xacro
[0.057s] -- Symlinking: /home/hzx/three_steer_simulation/install/three_steer_simulation/share/three_steer_simulation//launch/__pycache__/three_steer_gazebo.launch.cpython-310.pyc
[0.065s] -- Up-to-date symlink: /home/hzx/three_steer_simulation/install/three_steer_simulation/share/three_steer_simulation//launch/three_steer_gazebo.launch.py
[0.065s] -- Up-to-date symlink: /home/hzx/three_steer_simulation/install/three_steer_simulation/share/three_steer_simulation//config/controllers.yaml
[0.065s] -- Up-to-date symlink: /home/hzx/three_steer_simulation/install/three_steer_simulation/share/three_steer_simulation//scripts/cmd_vel_to_three_steer.py
[0.065s] -- Up-to-date symlink: /home/hzx/three_steer_simulation/install/three_steer_simulation/share/three_steer_simulation//scripts/three_steer_kinematics.py
[0.066s] -- Up-to-date symlink: /home/hzx/three_steer_simulation/install/three_steer_simulation/lib/three_steer_simulation/cmd_vel_to_three_steer.py
[0.066s] -- Up-to-date symlink: /home/hzx/three_steer_simulation/install/three_steer_simulation/share/ament_index/resource_index/package_run_dependencies/three_steer_simulation
[0.066s] -- Up-to-date symlink: /home/hzx/three_steer_simulation/install/three_steer_simulation/share/ament_index/resource_index/parent_prefix_path/three_steer_simulation
[0.066s] -- Up-to-date symlink: /home/hzx/three_steer_simulation/install/three_steer_simulation/share/three_steer_simulation/environment/ament_prefix_path.sh
[0.066s] -- Up-to-date symlink: /home/hzx/three_steer_simulation/install/three_steer_simulation/share/three_steer_simulation/environment/ament_prefix_path.dsv
[0.066s] -- Up-to-date symlink: /home/hzx/three_steer_simulation/install/three_steer_simulation/share/three_steer_simulation/environment/path.sh
[0.066s] -- Up-to-date symlink: /home/hzx/three_steer_simulation/install/three_steer_simulation/share/three_steer_simulation/environment/path.dsv
[0.066s] -- Up-to-date symlink: /home/hzx/three_steer_simulation/install/three_steer_simulation/share/three_steer_simulation/local_setup.bash
[0.066s] -- Up-to-date symlink: /home/hzx/three_steer_simulation/install/three_steer_simulation/share/three_steer_simulation/local_setup.sh
[0.066s] -- Up-to-date symlink: /home/hzx/three_steer_simulation/install/three_steer_simulation/share/three_steer_simulation/local_setup.zsh
[0.067s] -- Up-to-date symlink: /home/hzx/three_steer_simulation/install/three_steer_simulation/share/three_steer_simulation/local_setup.dsv
[0.067s] -- Symlinking: /home/hzx/three_steer_simulation/install/three_steer_simulation/share/three_steer_simulation/package.dsv
[0.075s] -- Up-to-date symlink: /home/hzx/three_steer_simulation/install/three_steer_simulation/share/ament_index/resource_index/packages/three_steer_simulation
[0.075s] -- Up-to-date symlink: /home/hzx/three_steer_simulation/install/three_steer_simulation/share/three_steer_simulation/cmake/three_steer_simulationConfig.cmake
[0.075s] -- Up-to-date symlink: /home/hzx/three_steer_simulation/install/three_steer_simulation/share/three_steer_simulation/cmake/three_steer_simulationConfig-version.cmake
[0.076s] -- Up-to-date symlink: /home/hzx/three_steer_simulation/install/three_steer_simulation/share/three_steer_simulation/package.xml
[0.077s] Invoked command in '/home/hzx/three_steer_simulation/build/three_steer_simulation' returned '0': CMAKE_PREFIX_PATH=${CMAKE_PREFIX_PATH}:/opt/ros/humble /usr/bin/cmake --install /home/hzx/three_steer_simulation/build/three_steer_simulation
