[0.000000] (-) TimerEvent: {}
[0.000172] (three_steer_simulation) JobQueued: {'identifier': 'three_steer_simulation', 'dependencies': OrderedDict()}
[0.000375] (three_steer_simulation) JobStarted: {'identifier': 'three_steer_simulation'}
[0.005270] (three_steer_simulation) JobProgress: {'identifier': 'three_steer_simulation', 'progress': 'cmake'}
[0.005795] (three_steer_simulation) Command: {'cmd': ['/usr/bin/cmake', '/home/hzx/three_steer_simulation', '-DCMAKE_INSTALL_PREFIX=/home/hzx/three_steer_simulation/install/three_steer_simulation'], 'cwd': '/home/hzx/three_steer_simulation/build/three_steer_simulation', 'env': OrderedDict([('GJS_DEBUG_TOPICS', 'JS ERROR;JS LOG'), ('LESSOPEN', '| /usr/bin/lesspipe %s'), ('VSCODE_CWD', '/home/hzx'), ('CURSOR_EXTENSION_HOST_ROLE', 'agent-exec'), ('VSCODE_ESM_ENTRYPOINT', 'vs/workbench/api/node/extensionHostProcess'), ('GZ_SIM_RESOURCE_PATH', '/home/hzx/three_steer_simulation/models'), ('LANGUAGE', 'zh_CN:zh'), ('USER', 'hzx'), ('VSCODE_NLS_CONFIG', '{"userLocale":"zh-cn","osLocale":"zh-cn","resolvedLanguage":"en","defaultMessagesFile":"/usr/share/cursor/resources/app/out/nls.messages.json","locale":"zh-cn","availableLanguages":{}}'), ('CI', '1'), ('VSCODE_HANDLES_UNCAUGHT_ERRORS', 'true'), ('XDG_SESSION_TYPE', 'x11'), ('SHLVL', '1'), ('LD_LIBRARY_PATH', '/usr/lib/x86_64-linux-gnu/gazebo-11/plugins:/opt/ros/humble/opt/rviz_ogre_vendor/lib:/opt/ros/humble/lib/x86_64-linux-gnu:/opt/ros/humble/lib'), ('HOME', '/home/hzx'), ('CHROME_DESKTOP', 'cursor.desktop'), ('OLDPWD', '/home/hzx/three_steer_simulation'), ('DESKTOP_SESSION', 'ubuntu'), ('VSCODE_IPC_HOOK', '/run/user/1000/vscode-2ddb0420-2.6.-main.sock'), ('GIO_LAUNCHED_DESKTOP_FILE', '/usr/share/applications/cursor.desktop'), ('ROS_PYTHON_VERSION', '3'), ('GNOME_SHELL_SESSION_MODE', 'ubuntu'), ('GTK_MODULES', 'gail:atk-bridge'), ('CURSOR_WORKSPACE_LABEL', 'three_steer_simulation'), ('MANAGERPID', '897'), ('SYSTEMD_EXEC_PID', '1647'), ('NO_COLOR', '1'), ('DBUS_SESSION_BUS_ADDRESS', 'unix:path=/run/user/1000/bus'), ('GIO_LAUNCHED_DESKTOP_FILE_PID', '2275'), ('VSCODE_CRASH_REPORTER_PROCESS_TYPE', 'extensionHost'), ('IM_CONFIG_PHASE', '1'), ('ROS_DISTRO', 'humble'), ('LOGNAME', 'hzx'), ('FORCE_COLOR', '0'), ('JOURNAL_STREAM', '8:20560'), ('_', '/usr/bin/colcon'), ('ROS_VERSION', '2'), ('XDG_SESSION_CLASS', 'user'), ('USERNAME', 'hzx'), ('TERM', 'dumb'), ('GNOME_DESKTOP_SESSION_ID', 'this-is-deprecated'), ('FC_FONTATIONS', '1'), ('ROS_LOCALHOST_ONLY', '0'), ('WINDOWPATH', '2'), ('PATH', '/home/hzx/.local/bin:/home/hzx/.local/bin:/opt/ros/humble/bin:/home/hzx/.local/bin:/home/hzx/.local/bin:/usr/local/sbin:/usr/local/bin:/usr/sbin:/usr/bin:/sbin:/bin:/usr/games:/usr/local/games:/snap/bin:/snap/bin'), ('SESSION_MANAGER', 'local/hzxros:@/tmp/.ICE-unix/1624,unix/hzxros:/tmp/.ICE-unix/1624'), ('INVOCATION_ID', '7f0f98d75ac14b65875177ba009769d2'), ('XDG_MENU_PREFIX', 'gnome-'), ('VSCODE_PROCESS_TITLE', 'extension-host (agent-exec) three_steer_simulation [1-9]'), ('XDG_RUNTIME_DIR', '/run/user/1000'), ('GDK_BACKEND', 'x11'), ('CURSOR_AGENT', '1'), ('DISPLAY', ':0'), ('LANG', 'zh_CN.UTF-8'), ('XDG_CURRENT_DESKTOP', 'ubuntu:GNOME'), ('XMODIFIERS', '@im=ibus'), ('XDG_SESSION_DESKTOP', 'ubuntu'), ('XAUTHORITY', '/run/user/1000/gdm/Xauthority'), ('LS_COLORS', ''), ('CURSOR_TRACE_ID', '031790e774f04244a1793f10a2e54c94'), ('SSH_AGENT_LAUNCHER', 'gnome-keyring'), ('SSH_AUTH_SOCK', '/run/user/1000/keyring/ssh'), ('AMENT_PREFIX_PATH', '/opt/ros/humble'), ('SHELL', '/bin/bash'), ('QT_ACCESSIBILITY', '1'), ('GDMSESSION', 'ubuntu'), ('LESSCLOSE', '/usr/bin/lesspipe %s %s'), ('GPG_AGENT_INFO', '/run/user/1000/gnupg/S.gpg-agent:0:1'), ('GJS_DEBUG_OUTPUT', 'stderr'), ('QT_IM_MODULE', 'ibus'), ('PWD', '/home/hzx/three_steer_simulation/build/three_steer_simulation'), ('XDG_CONFIG_DIRS', '/etc/xdg/xdg-ubuntu:/etc/xdg'), ('VSCODE_CODE_CACHE_PATH', '/home/hzx/.config/Cursor/CachedData/c6285feaba0ad62603f7c22e72f0a170dc8415a0'), ('XDG_DATA_DIRS', '/usr/share/gnome:/usr/share/ubuntu:/usr/local/share/:/usr/share/:/var/lib/snapd/desktop:/opt/apps/com.alibabainc.dingtalk/entries:/opt/apps/com.qq.weixin.work.deepin/entries:/opt/apps/com.alibabainc.dingtalk/entries:/opt/apps/com.qq.weixin.work.deepin/entries:/opt/apps/com.alibabainc.dingtalk/entries:/opt/apps/com.qq.weixin.work.deepin/entries:/opt/apps/com.alibabainc.dingtalk/entries:/opt/apps/com.qq.weixin.work.deepin/entries'), ('PYTHONPATH', '/opt/ros/humble/lib/python3.10/site-packages:/opt/ros/humble/local/lib/python3.10/dist-packages'), ('COLCON', '1'), ('_ZO_DOCTOR', '0'), ('VSCODE_PID', '2275')]), 'shell': False}
[0.094025] (three_steer_simulation) StdoutLine: {'line': b'-- The C compiler identification is GNU 11.4.0\n'}
[0.099791] (-) TimerEvent: {}
[0.163952] (three_steer_simulation) StdoutLine: {'line': b'-- The CXX compiler identification is GNU 11.4.0\n'}
[0.170566] (three_steer_simulation) StdoutLine: {'line': b'-- Detecting C compiler ABI info\n'}
[0.199931] (-) TimerEvent: {}
[0.231185] (three_steer_simulation) StdoutLine: {'line': b'-- Detecting C compiler ABI info - done\n'}
[0.235425] (three_steer_simulation) StdoutLine: {'line': b'-- Check for working C compiler: /usr/bin/cc - skipped\n'}
[0.235700] (three_steer_simulation) StdoutLine: {'line': b'-- Detecting C compile features\n'}
[0.236116] (three_steer_simulation) StdoutLine: {'line': b'-- Detecting C compile features - done\n'}
[0.238368] (three_steer_simulation) StdoutLine: {'line': b'-- Detecting CXX compiler ABI info\n'}
[0.298734] (three_steer_simulation) StdoutLine: {'line': b'-- Detecting CXX compiler ABI info - done\n'}
[0.299983] (-) TimerEvent: {}
[0.302786] (three_steer_simulation) StdoutLine: {'line': b'-- Check for working CXX compiler: /usr/bin/c++ - skipped\n'}
[0.302991] (three_steer_simulation) StdoutLine: {'line': b'-- Detecting CXX compile features\n'}
[0.303170] (three_steer_simulation) StdoutLine: {'line': b'-- Detecting CXX compile features - done\n'}
[0.305373] (three_steer_simulation) StdoutLine: {'line': b'-- Found ament_cmake: 1.3.14 (/opt/ros/humble/share/ament_cmake/cmake)\n'}
[0.400082] (-) TimerEvent: {}
[0.409050] (three_steer_simulation) StdoutLine: {'line': b'-- Found Python3: /usr/bin/python3 (found version "3.10.12") found components: Interpreter \n'}
[0.500211] (-) TimerEvent: {}
[0.523569] (three_steer_simulation) StderrLine: {'line': b"Error parsing '/home/hzx/three_steer_simulation/package.xml':\n"}
[0.547273] (three_steer_simulation) StderrLine: {'line': b'Traceback (most recent call last):\n'}
[0.547464] (three_steer_simulation) StderrLine: {'line': b'  File "/opt/ros/humble/share/ament_cmake_core/cmake/core/package_xml_2_cmake.py", line 150, in <module>\n'}
[0.547507] (three_steer_simulation) StderrLine: {'line': b'    main()\n'}
[0.547537] (three_steer_simulation) StderrLine: {'line': b'  File "/opt/ros/humble/share/ament_cmake_core/cmake/core/package_xml_2_cmake.py", line 53, in main\n'}
[0.547576] (three_steer_simulation) StderrLine: {'line': b'    raise e\n'}
[0.547606] (three_steer_simulation) StderrLine: {'line': b'  File "/opt/ros/humble/share/ament_cmake_core/cmake/core/package_xml_2_cmake.py", line 49, in main\n'}
[0.547634] (three_steer_simulation) StderrLine: {'line': b'    package = parse_package_string(\n'}
[0.547660] (three_steer_simulation) StderrLine: {'line': b'  File "/usr/lib/python3/dist-packages/catkin_pkg/package.py", line 788, in parse_package_string\n'}
[0.548164] (three_steer_simulation) StderrLine: {'line': b'    pkg.validate(warnings=warnings)\n'}
[0.548201] (three_steer_simulation) StderrLine: {'line': b'  File "/usr/lib/python3/dist-packages/catkin_pkg/package.py", line 330, in validate\n'}
[0.548294] (three_steer_simulation) StderrLine: {'line': b"    raise InvalidPackage('\\n'.join(errors), self.filename)\n"}
[0.548323] (three_steer_simulation) StderrLine: {'line': b"catkin_pkg.package.InvalidPackage: Error(s) in package '/home/hzx/three_steer_simulation/package.xml':\n"}
[0.548350] (three_steer_simulation) StderrLine: {'line': b'Invalid email "user@todo" for person "user"\n'}
[0.564837] (three_steer_simulation) StderrLine: {'line': b'CMake Error at /opt/ros/humble/share/ament_cmake_core/cmake/core/ament_package_xml.cmake:95 (message):\n'}
[0.565052] (three_steer_simulation) StderrLine: {'line': b'  execute_process(/usr/bin/python3\n'}
[0.565089] (three_steer_simulation) StderrLine: {'line': b'  /opt/ros/humble/share/ament_cmake_core/cmake/core/package_xml_2_cmake.py\n'}
[0.565121] (three_steer_simulation) StderrLine: {'line': b'  /home/hzx/three_steer_simulation/package.xml\n'}
[0.565150] (three_steer_simulation) StderrLine: {'line': b'  /home/hzx/three_steer_simulation/build/three_steer_simulation/ament_cmake_core/package.cmake)\n'}
[0.565178] (three_steer_simulation) StderrLine: {'line': b'  returned error code 1\n'}
[0.565205] (three_steer_simulation) StderrLine: {'line': b'Call Stack (most recent call first):\n'}
[0.565231] (three_steer_simulation) StderrLine: {'line': b'  /opt/ros/humble/share/ament_cmake_core/cmake/core/ament_package_xml.cmake:49 (_ament_package_xml)\n'}
[0.565257] (three_steer_simulation) StderrLine: {'line': b'  /opt/ros/humble/share/ament_cmake_core/cmake/core/ament_package.cmake:63 (ament_package_xml)\n'}
[0.565284] (three_steer_simulation) StderrLine: {'line': b'  CMakeLists.txt:18 (ament_package)\n'}
[0.565311] (three_steer_simulation) StderrLine: {'line': b'\n'}
[0.565337] (three_steer_simulation) StderrLine: {'line': b'\n'}
[0.565363] (three_steer_simulation) StdoutLine: {'line': b'-- Configuring incomplete, errors occurred!\n'}
[0.565394] (three_steer_simulation) StdoutLine: {'line': b'See also "/home/hzx/three_steer_simulation/build/three_steer_simulation/CMakeFiles/CMakeOutput.log".\n'}
[0.569214] (three_steer_simulation) CommandEnded: {'returncode': 1}
[0.569752] (three_steer_simulation) JobEnded: {'identifier': 'three_steer_simulation', 'rc': 1}
[0.570237] (-) EventReactorShutdown: {}
